<?xml version="1.0" encoding="utf-8"?><testsuites name="pytest tests"><testsuite name="pytest" errors="4" failures="2" skipped="2" tests="58" time="23.818" timestamp="2026-08-06T23:50:44.112757+02:00" hostname="Goliath"><testcase classname="" name="tests.e2e" time="0.000"><skipped message="collection skipped">('D:\\Dev\\repos\\docker-mcp\\tests\\e2e\\conftest.py', 12, 'Skipped: E2E tests manipulate the real Docker environment (set RUN_E2E=1)')</skipped></testcase><testcase classname="" name="tests.integration" time="0.000"><skipped message="collection skipped">('D:\\Dev\\repos\\docker-mcp\\tests\\integration\\conftest.py', 12, 'Skipped: Integration tests need a live Docker + monitoring stack (set RUN_INTEGRATION=1)')</skipped></testcase><testcase classname="tests.test_container_stats" name="test_get_container_stats_one_shot" time="0.005" /><testcase classname="tests.test_container_stats" name="test_get_container_stats_stream" time="0.335" /><testcase classname="tests.test_container_stats" name="test_get_container_stats_not_found" time="0.004" /><testcase classname="tests.test_container_stats" name="test_container_stats_model" time="0.001" /><testcase classname="tests.test_web_bridge" name="test_health" time="0.006" /><testcase classname="tests.test_web_bridge" name="test_logs_endpoints" time="0.009" /><testcase classname="tests.unit.core.test_hello_world" name="test_hello_world" time="0.003" /><testcase classname="tests.unit.core.test_mock_server" name="test_mock_server_basic" time="4.605" /><testcase classname="tests.unit.core.test_mock_server" name="test_container_lifecycle" time="6.634" /><testcase classname="tests.unit.core.test_mock_server" name="test_image_operations" time="6.665" /><testcase classname="tests.unit.core.test_startup" name="test_imports" time="0.001" /><testcase classname="tests.unit.core.test_startup" name="test_tool_discovery" time="0.004" /><testcase classname="tests.unit.core.test_startup" name="test_server_creation" time="0.079" /><testcase classname="tests.unit.test_logging" name="test_json_logging" time="0.005" /><testcase classname="tests.unit.tools.monitoring.test_monitoring" name="test_start_monitoring" time="0.003" /><testcase classname="tests.unit.tools.monitoring.test_monitoring" name="test_get_monitoring_status" time="0.003" /><testcase classname="tests.unit.tools.monitoring.test_monitoring" name="test_monitoring_status_detailed" time="0.002" /><testcase classname="tests.unit.tools.monitoring.test_monitoring_tools" name="test_start_monitoring" time="0.003" /><testcase classname="tests.unit.tools.monitoring.test_monitoring_tools" name="test_get_monitoring_status" time="0.003" /><testcase classname="tests.unit.tools.monitoring.test_monitoring_tools" name="test_add_alert_rule" time="0.005" /><testcase classname="tests.unit.tools.monitoring.test_monitoring_tools" name="test_list_alert_rules" time="0.005" /><testcase classname="tests.unit.tools.monitoring.test_monitoring_tools" name="test_create_backup" time="0.002" /><testcase classname="tests.unit.tools.monitoring.test_monitoring_tools" name="test_open_grafana" time="0.003" /><testcase classname="tests.unit.tools.test_container_exec" name="test_execute_command" time="0.005" /><testcase classname="tests.unit.tools.test_container_exec" name="test_execute_command_with_streaming" time="0.004" /><testcase classname="tests.unit.tools.test_container_exec" name="test_execute_command_with_error_exit_code" time="0.003" /><testcase classname="tests.unit.tools.test_container_exec" name="test_container_not_found" time="0.003" /><testcase classname="tests.unit.tools.test_container_inspect" name="test_inspect_container_basic" time="0.004" /><testcase classname="tests.unit.tools.test_container_inspect" name="test_inspect_container_with_logs" time="0.006" /><testcase classname="tests.unit.tools.test_container_inspect" name="test_inspect_container_not_found" time="0.004" /><testcase classname="tests.unit.tools.test_container_inspect_v2" name="test_inspect_container" time="0.001"><error message="failed on setup with &quot;file D:\Dev\repos\docker-mcp\tests\unit\tools\test_container_inspect_v2.py, line 28&#10;  async def test_inspect_container(container_id: str):&#10;      &quot;&quot;&quot;Test the inspect_container function.&quot;&quot;&quot;&#10;      try:&#10;          logger.info(f&quot;Testing inspect_container with container: {container_id}&quot;)&#10;&#10;          # Test basic inspection&#10;          result = await inspect_container(container_id=container_id, include_stats=True, include_logs=True, log_tail=10)&#10;&#10;          # Print results&#10;          print(&quot;\nInspection Results:&quot;)&#10;          print(json.dumps(result, indent=2, default=str))&#10;&#10;          # Basic validation&#10;          assert result[&quot;success&quot;] is True, &quot;Inspection failed&quot;&#10;          assert result[&quot;container_id&quot;] == container_id, &quot;Container ID mismatch&quot;&#10;          assert &quot;name&quot; in result, &quot;Missing container name&quot;&#10;          assert &quot;status&quot; in result, &quot;Missing container status&quot;&#10;&#10;          if result.get(&quot;stats&quot;):&#10;              logger.info(&quot;Stats included in response&quot;)&#10;          if result.get(&quot;logs&quot;):&#10;              logger.info(f&quot;Logs included in response ({len(result['logs'])} lines)&quot;)&#10;&#10;          logger.info(&quot;Test passed successfully!&quot;)&#10;&#10;      except Exception as e:&#10;          logger.error(f&quot;Test failed: {e}&quot;, exc_info=True)&#10;          raise&#10;E       fixture 'container_id' not found&#10;&gt;       available fixtures: _class_scoped_runner, _function_scoped_runner, _module_scoped_runner, _package_scoped_runner, _session_scoped_runner, anyio_backend, anyio_backend_name, anyio_backend_options, cache, capfd, capfdbinary, caplog, capsys, capsysbinary, capteesys, cov, docker_client, docker_helper, doctest_namespace, ensure_mcp_server, event_loop, event_loop_policy, free_tcp_port, free_tcp_port_factory, free_udp_port, free_udp_port_factory, mcp_server_url, monkeypatch, no_cover, pytestconfig, record_property, record_testsuite_property, record_xml_attribute, recwarn, subtests, test_config, tmp_path, tmp_path_factory, tmpdir, tmpdir_factory, unused_tcp_port, unused_tcp_port_factory, unused_udp_port, unused_udp_port_factory, use_mock_docker&#10;&gt;       use 'pytest --fixtures [testpath]' for help on them.&#10;&#10;D:\Dev\repos\docker-mcp\tests\unit\tools\test_container_inspect_v2.py:28&quot;">file D:\Dev\repos\docker-mcp\tests\unit\tools\test_container_inspect_v2.py, line 28
  async def test_inspect_container(container_id: str):
      """Test the inspect_container function."""
      try:
          logger.info(f"Testing inspect_container with container: {container_id}")

          # Test basic inspection
          result = await inspect_container(container_id=container_id, include_stats=True, include_logs=True, log_tail=10)

          # Print results
          print("\nInspection Results:")
          print(json.dumps(result, indent=2, default=str))

          # Basic validation
          assert result["success"] is True, "Inspection failed"
          assert result["container_id"] == container_id, "Container ID mismatch"
          assert "name" in result, "Missing container name"
          assert "status" in result, "Missing container status"

          if result.get("stats"):
              logger.info("Stats included in response")
          if result.get("logs"):
              logger.info(f"Logs included in response ({len(result['logs'])} lines)")

          logger.info("Test passed successfully!")

      except Exception as e:
          logger.error(f"Test failed: {e}", exc_info=True)
          raise
E       fixture 'container_id' not found
&gt;       available fixtures: _class_scoped_runner, _function_scoped_runner, _module_scoped_runner, _package_scoped_runner, _session_scoped_runner, anyio_backend, anyio_backend_name, anyio_backend_options, cache, capfd, capfdbinary, caplog, capsys, capsysbinary, capteesys, cov, docker_client, docker_helper, doctest_namespace, ensure_mcp_server, event_loop, event_loop_policy, free_tcp_port, free_tcp_port_factory, free_udp_port, free_udp_port_factory, mcp_server_url, monkeypatch, no_cover, pytestconfig, record_property, record_testsuite_property, record_xml_attribute, recwarn, subtests, test_config, tmp_path, tmp_path_factory, tmpdir, tmpdir_factory, unused_tcp_port, unused_tcp_port_factory, unused_udp_port, unused_udp_port_factory, use_mock_docker
&gt;       use 'pytest --fixtures [testpath]' for help on them.

D:\Dev\repos\docker-mcp\tests\unit\tools\test_container_inspect_v2.py:28</error></testcase><testcase classname="tests.unit.tools.test_container_lifecycle" name="test_start_container" time="0.007" /><testcase classname="tests.unit.tools.test_container_lifecycle" name="test_remove_container_force" time="0.007" /><testcase classname="tests.unit.tools.test_container_lifecycle" name="test_dispatcher_routes_lifecycle" time="0.005" /><testcase classname="tests.unit.tools.test_container_lifecycle" name="test_container_not_found" time="0.006" /><testcase classname="tests.unit.tools.test_container_logs" name="test_get_container_logs" time="0.003" /><testcase classname="tests.unit.tools.test_container_logs" name="test_container_not_found" time="0.003" /><testcase classname="tests.unit.tools.test_container_logs" name="test_request_validation" time="0.001" /><testcase classname="tests.unit.tools.test_gpu_containers" name="test_create_device_request_all_gpus" time="0.100" /><testcase classname="tests.unit.tools.test_gpu_containers" name="test_create_device_request_specific_gpus" time="0.102" /><testcase classname="tests.unit.tools.test_gpu_containers" name="test_create_device_request_count" time="0.089" /><testcase classname="tests.unit.tools.test_gpu_containers" name="test_create_gpu_container_config" time="0.087" /><testcase classname="tests.unit.tools.test_gpu_containers" name="test_get_container_gpu_info" time="0.176" /><testcase classname="tests.unit.tools.test_gpu_containers_simple.TestGPUContainerConfig" name="test_config_creation" time="0.001" /><testcase classname="tests.unit.tools.test_gpu_containers_simple.TestGPUContainerConfig" name="test_config_with_environment" time="0.001" /><testcase classname="tests.unit.tools.test_gpu_containers_simple.TestGPUContainerConfig" name="test_config_with_volumes_and_ports" time="0.001" /><testcase classname="tests.unit.tools.test_gpu_containers_simple.TestGPUContainerManager" name="test_container_creation_basic" time="0.001" /><testcase classname="tests.unit.tools.test_gpu_containers_simple.TestGPUContainerManager" name="test_container_with_all_gpus" time="0.001" /><testcase classname="tests.unit.tools.test_gpu_containers_simple.TestGPUContainerManager" name="test_container_with_custom_environment" time="0.001" /><testcase classname="tests.unit.tools.test_gpu_containers_simple.TestGPUContainerManager" name="test_container_with_multiple_gpus" time="0.001" /><testcase classname="tests.unit.tools.test_network_tools" name="test_prune_networks_success" time="0.001"><error message="failed on setup with &quot;AttributeError: 'FastMCP' object has no attribute 'docker_client'&quot;">@pytest.fixture
    def mcp_docker_stub():
        """Stub dockermcp.mcp_instance.mcp with a docker_client mock."""
        from dockermcp.mcp_instance import mcp
    
        client = MagicMock()
&gt;       old = mcp.docker_client
              ^^^^^^^^^^^^^^^^^
E       AttributeError: 'FastMCP' object has no attribute 'docker_client'

tests\unit\tools\test_network_tools.py:18: AttributeError</error></testcase><testcase classname="tests.unit.tools.test_network_tools" name="test_prune_networks_no_networks" time="0.001"><error message="failed on setup with &quot;AttributeError: 'FastMCP' object has no attribute 'docker_client'&quot;">@pytest.fixture
    def mcp_docker_stub():
        """Stub dockermcp.mcp_instance.mcp with a docker_client mock."""
        from dockermcp.mcp_instance import mcp
    
        client = MagicMock()
&gt;       old = mcp.docker_client
              ^^^^^^^^^^^^^^^^^
E       AttributeError: 'FastMCP' object has no attribute 'docker_client'

tests\unit\tools\test_network_tools.py:18: AttributeError</error></testcase><testcase classname="tests.unit.tools.test_network_tools" name="test_list_networks" time="0.001"><error message="failed on setup with &quot;AttributeError: 'FastMCP' object has no attribute 'docker_client'&quot;">@pytest.fixture
    def mcp_docker_stub():
        """Stub dockermcp.mcp_instance.mcp with a docker_client mock."""
        from dockermcp.mcp_instance import mcp
    
        client = MagicMock()
&gt;       old = mcp.docker_client
              ^^^^^^^^^^^^^^^^^
E       AttributeError: 'FastMCP' object has no attribute 'docker_client'

tests\unit\tools\test_network_tools.py:18: AttributeError</error></testcase><testcase classname="tests.unit.tools.test_prune_networks" name="test_prune_networks_success" time="0.002"><failure message="AttributeError: 'NetworkOperationResponse' object has no attribute 'data'">mcp_docker_stub = &lt;MagicMock id='1854927771680'&gt;

    def test_prune_networks_success(mcp_docker_stub):
        """Prune returns deleted networks + reclaimed space."""
        client = mcp_docker_stub
        client.networks.prune.return_value = {"NetworksDeleted": ["net1", "net2"], "SpaceReclaimed": 1024}
    
        response = prune_networks()
    
        assert response.status == "success"
&gt;       assert response.data["networks_deleted"] == ["net1", "net2"]
               ^^^^^^^^^^^^^

tests\unit\tools\test_prune_networks.py:40: 
_ _ _ _ _ _ _ _ _ _ _ _ _ _ _ _ _ _ _ _ _ _ _ _ _ _ _ _ _ _ _ _ _ _ _ _ _ _ _ _

self = NetworkOperationResponse(status='success', message='Successfully pruned 2 networks', network_id=None, error=None)
item = 'data'

    def __getattr__(self, item: str) -&gt; Any:
        private_attributes = object.__getattribute__(self, '__private_attributes__')
        if item in private_attributes:
            attribute = private_attributes[item]
            if hasattr(attribute, '__get__'):
                return attribute.__get__(self, type(self))  # type: ignore
    
            try:
                # Note: self.__pydantic_private__ cannot be None if self.__private_attributes__ has items
                return self.__pydantic_private__[item]  # type: ignore
            except KeyError as exc:
                raise AttributeError(f'{type(self).__name__!r} object has no attribute {item!r}') from exc
        else:
            # `__pydantic_extra__` can fail to be set if the model is not yet fully initialized.
            # See `BaseModel.__repr_args__` for more details
            try:
                pydantic_extra = object.__getattribute__(self, '__pydantic_extra__')
            except AttributeError:
                pydantic_extra = None
    
            if pydantic_extra and item in pydantic_extra:
                return pydantic_extra[item]
            else:
                if hasattr(self.__class__, item):
                    return super().__getattribute__(item)  # Raises AttributeError if appropriate
                else:
                    # this is the current error
&gt;                   raise AttributeError(f'{type(self).__name__!r} object has no attribute {item!r}')
E                   AttributeError: 'NetworkOperationResponse' object has no attribute 'data'

.venv\Lib\site-packages\pydantic\main.py:1026: AttributeError</failure></testcase><testcase classname="tests.unit.tools.test_prune_networks" name="test_prune_networks_no_networks" time="0.002"><failure message="AttributeError: 'NetworkOperationResponse' object has no attribute 'data'">mcp_docker_stub = &lt;MagicMock id='1854927768608'&gt;

    def test_prune_networks_no_networks(mcp_docker_stub):
        """Prune with nothing to delete."""
        client = mcp_docker_stub
        client.networks.prune.return_value = {"NetworksDeleted": [], "SpaceReclaimed": 0}
    
        response = prune_networks()
    
        assert response.status == "success"
&gt;       assert response.data["networks_deleted"] == []
               ^^^^^^^^^^^^^

tests\unit\tools\test_prune_networks.py:53: 
_ _ _ _ _ _ _ _ _ _ _ _ _ _ _ _ _ _ _ _ _ _ _ _ _ _ _ _ _ _ _ _ _ _ _ _ _ _ _ _

self = NetworkOperationResponse(status='success', message='Successfully pruned 0 networks', network_id=None, error=None)
item = 'data'

    def __getattr__(self, item: str) -&gt; Any:
        private_attributes = object.__getattribute__(self, '__private_attributes__')
        if item in private_attributes:
            attribute = private_attributes[item]
            if hasattr(attribute, '__get__'):
                return attribute.__get__(self, type(self))  # type: ignore
    
            try:
                # Note: self.__pydantic_private__ cannot be None if self.__private_attributes__ has items
                return self.__pydantic_private__[item]  # type: ignore
            except KeyError as exc:
                raise AttributeError(f'{type(self).__name__!r} object has no attribute {item!r}') from exc
        else:
            # `__pydantic_extra__` can fail to be set if the model is not yet fully initialized.
            # See `BaseModel.__repr_args__` for more details
            try:
                pydantic_extra = object.__getattribute__(self, '__pydantic_extra__')
            except AttributeError:
                pydantic_extra = None
    
            if pydantic_extra and item in pydantic_extra:
                return pydantic_extra[item]
            else:
                if hasattr(self.__class__, item):
                    return super().__getattribute__(item)  # Raises AttributeError if appropriate
                else:
                    # this is the current error
&gt;                   raise AttributeError(f'{type(self).__name__!r} object has no attribute {item!r}')
E                   AttributeError: 'NetworkOperationResponse' object has no attribute 'data'

.venv\Lib\site-packages\pydantic\main.py:1026: AttributeError</failure></testcase><testcase classname="tests.unit.tools.test_prune_networks" name="test_list_networks" time="0.002" /></testsuite></testsuites>